// Jest Snapshot v1, https://goo.gl/fbAQLP

exports[`initialization renders correctly 1`] = `
ShallowWrapper {
  "length": 1,
  Symbol(enzyme.__root__): [Circular],
  Symbol(enzyme.__unrendered__): <App />,
  Symbol(enzyme.__renderer__): Object {
    "batchedUpdates": [Function],
    "getNode": [Function],
    "render": [Function],
    "simulateEvent": [Function],
    "unmount": [Function],
  },
  Symbol(enzyme.__node__): Object {
    "instance": null,
    "key": undefined,
    "nodeType": "class",
    "props": Object {
      "children": Array [
        <Text
          accessible={true}
          allowFontScaling={true}
          ellipsizeMode="tail"
        >
          npm i --save-dev enzyme enzyme-adapter-react-16 react-native-mock
        </Text>,
        <Text
          accessible={true}
          allowFontScaling={true}
          ellipsizeMode="tail"
        >
          npm install react-dom
        </Text>,
        <Text
          accessible={true}
          allowFontScaling={true}
          ellipsizeMode="tail"
        >
          Add the following to your package.json:
        </Text>,
        <Text
          accessible={true}
          allowFontScaling={true}
          ellipsizeMode="tail"
        >
           
          "setupFiles": [
      "&lt;rootDir&gt;/src/tempPolyfills.js",
      "&lt;rootDir&gt;/src/setupTests.js"
    ]
        </Text>,
        <Text
          accessible={true}
          allowFontScaling={true}
          ellipsizeMode="tail"
        >
          Add the following parameters to scripts/test in your package.json:
        </Text>,
        <Text
          accessible={true}
          allowFontScaling={true}
          ellipsizeMode="tail"
        >
           
          "test": "jest --verbose --watchAll"
        </Text>,
      ],
      "style": Object {
        "backgroundColor": "#fff",
        "flex": 1,
        "justifyContent": "center",
        "marginLeft": 20,
      },
    },
    "ref": null,
    "rendered": Array [
      Object {
        "instance": null,
        "key": undefined,
        "nodeType": "class",
        "props": Object {
          "accessible": true,
          "allowFontScaling": true,
          "children": "npm i --save-dev enzyme enzyme-adapter-react-16 react-native-mock",
          "ellipsizeMode": "tail",
        },
        "ref": null,
        "rendered": "npm i --save-dev enzyme enzyme-adapter-react-16 react-native-mock",
        "type": [Function],
      },
      Object {
        "instance": null,
        "key": undefined,
        "nodeType": "class",
        "props": Object {
          "accessible": true,
          "allowFontScaling": true,
          "children": "npm install react-dom",
          "ellipsizeMode": "tail",
        },
        "ref": null,
        "rendered": "npm install react-dom",
        "type": [Function],
      },
      Object {
        "instance": null,
        "key": undefined,
        "nodeType": "class",
        "props": Object {
          "accessible": true,
          "allowFontScaling": true,
          "children": "Add the following to your package.json:",
          "ellipsizeMode": "tail",
        },
        "ref": null,
        "rendered": "Add the following to your package.json:",
        "type": [Function],
      },
      Object {
        "instance": null,
        "key": undefined,
        "nodeType": "class",
        "props": Object {
          "accessible": true,
          "allowFontScaling": true,
          "children": Array [
            " ",
            "\\"setupFiles\\": [
      \\"<rootDir>/src/tempPolyfills.js\\",
      \\"<rootDir>/src/setupTests.js\\"
    ]",
          ],
          "ellipsizeMode": "tail",
        },
        "ref": null,
        "rendered": Array [
          " ",
          "\\"setupFiles\\": [
      \\"<rootDir>/src/tempPolyfills.js\\",
      \\"<rootDir>/src/setupTests.js\\"
    ]",
        ],
        "type": [Function],
      },
      Object {
        "instance": null,
        "key": undefined,
        "nodeType": "class",
        "props": Object {
          "accessible": true,
          "allowFontScaling": true,
          "children": "Add the following parameters to scripts/test in your package.json:",
          "ellipsizeMode": "tail",
        },
        "ref": null,
        "rendered": "Add the following parameters to scripts/test in your package.json:",
        "type": [Function],
      },
      Object {
        "instance": null,
        "key": undefined,
        "nodeType": "class",
        "props": Object {
          "accessible": true,
          "allowFontScaling": true,
          "children": Array [
            " ",
            "\\"test\\": \\"jest --verbose --watchAll\\"",
          ],
          "ellipsizeMode": "tail",
        },
        "ref": null,
        "rendered": Array [
          " ",
          "\\"test\\": \\"jest --verbose --watchAll\\"",
        ],
        "type": [Function],
      },
    ],
    "type": [Function],
  },
  Symbol(enzyme.__nodes__): Array [
    Object {
      "instance": null,
      "key": undefined,
      "nodeType": "class",
      "props": Object {
        "children": Array [
          <Text
            accessible={true}
            allowFontScaling={true}
            ellipsizeMode="tail"
          >
            npm i --save-dev enzyme enzyme-adapter-react-16 react-native-mock
          </Text>,
          <Text
            accessible={true}
            allowFontScaling={true}
            ellipsizeMode="tail"
          >
            npm install react-dom
          </Text>,
          <Text
            accessible={true}
            allowFontScaling={true}
            ellipsizeMode="tail"
          >
            Add the following to your package.json:
          </Text>,
          <Text
            accessible={true}
            allowFontScaling={true}
            ellipsizeMode="tail"
          >
             
            "setupFiles": [
      "&lt;rootDir&gt;/src/tempPolyfills.js",
      "&lt;rootDir&gt;/src/setupTests.js"
    ]
          </Text>,
          <Text
            accessible={true}
            allowFontScaling={true}
            ellipsizeMode="tail"
          >
            Add the following parameters to scripts/test in your package.json:
          </Text>,
          <Text
            accessible={true}
            allowFontScaling={true}
            ellipsizeMode="tail"
          >
             
            "test": "jest --verbose --watchAll"
          </Text>,
        ],
        "style": Object {
          "backgroundColor": "#fff",
          "flex": 1,
          "justifyContent": "center",
          "marginLeft": 20,
        },
      },
      "ref": null,
      "rendered": Array [
        Object {
          "instance": null,
          "key": undefined,
          "nodeType": "class",
          "props": Object {
            "accessible": true,
            "allowFontScaling": true,
            "children": "npm i --save-dev enzyme enzyme-adapter-react-16 react-native-mock",
            "ellipsizeMode": "tail",
          },
          "ref": null,
          "rendered": "npm i --save-dev enzyme enzyme-adapter-react-16 react-native-mock",
          "type": [Function],
        },
        Object {
          "instance": null,
          "key": undefined,
          "nodeType": "class",
          "props": Object {
            "accessible": true,
            "allowFontScaling": true,
            "children": "npm install react-dom",
            "ellipsizeMode": "tail",
          },
          "ref": null,
          "rendered": "npm install react-dom",
          "type": [Function],
        },
        Object {
          "instance": null,
          "key": undefined,
          "nodeType": "class",
          "props": Object {
            "accessible": true,
            "allowFontScaling": true,
            "children": "Add the following to your package.json:",
            "ellipsizeMode": "tail",
          },
          "ref": null,
          "rendered": "Add the following to your package.json:",
          "type": [Function],
        },
        Object {
          "instance": null,
          "key": undefined,
          "nodeType": "class",
          "props": Object {
            "accessible": true,
            "allowFontScaling": true,
            "children": Array [
              " ",
              "\\"setupFiles\\": [
      \\"<rootDir>/src/tempPolyfills.js\\",
      \\"<rootDir>/src/setupTests.js\\"
    ]",
            ],
            "ellipsizeMode": "tail",
          },
          "ref": null,
          "rendered": Array [
            " ",
            "\\"setupFiles\\": [
      \\"<rootDir>/src/tempPolyfills.js\\",
      \\"<rootDir>/src/setupTests.js\\"
    ]",
          ],
          "type": [Function],
        },
        Object {
          "instance": null,
          "key": undefined,
          "nodeType": "class",
          "props": Object {
            "accessible": true,
            "allowFontScaling": true,
            "children": "Add the following parameters to scripts/test in your package.json:",
            "ellipsizeMode": "tail",
          },
          "ref": null,
          "rendered": "Add the following parameters to scripts/test in your package.json:",
          "type": [Function],
        },
        Object {
          "instance": null,
          "key": undefined,
          "nodeType": "class",
          "props": Object {
            "accessible": true,
            "allowFontScaling": true,
            "children": Array [
              " ",
              "\\"test\\": \\"jest --verbose --watchAll\\"",
            ],
            "ellipsizeMode": "tail",
          },
          "ref": null,
          "rendered": Array [
            " ",
            "\\"test\\": \\"jest --verbose --watchAll\\"",
          ],
          "type": [Function],
        },
      ],
      "type": [Function],
    },
  ],
  Symbol(enzyme.__options__): Object {
    "adapter": ReactSixteenAdapter {
      "options": Object {
        "enableComponentDidUpdateOnSetState": true,
      },
    },
    "disableLifecycleMethods": true,
  },
}
`;
